{
  "ds": {
    "as": 10000000,
    "fs": 2000000
  }
}
